[    0.000000] Booting Linux on physical CPU 0x0
[    0.000000] Linux version 4.9.198 (wang.kai@cdoa08) (gcc version 7.3.0 (OpenWrt GCC 7.3.0 r7897-9d401013fc) ) #0 Tue Nov 5 14:12:18 2019
[    0.000000] CPU: ARMv7 Processor [410fc075] revision 5 (ARMv7), cr=10c53c7d
[    0.000000] CPU: div instructions available: patching division code
[    0.000000] CPU: PIPT / VIPT nonaliasing data cache, VIPT aliasing instruction cache
[    0.000000] OF: fdt:Machine model: icatch v37 SoC
[    0.000000] Forcing write-allocate cache policy for SMP
[    0.000000] Forcing shared mappings for SMP
[    0.000000] Memory policy: Data cache writealloc
[    0.000000] On node 0 totalpages: 27648
[    0.000000] free_area_init_node: node 0, pgdat 8182a3fc, node_mem_map 87b06000
[    0.000000]   Normal zone: 243 pages used for memmap
[    0.000000]   Normal zone: 0 pages reserved
[    0.000000]   Normal zone: 27648 pages, LIFO batch:7
[    0.000000] pcpu-alloc: s0 r0 d32768 u32768 alloc=1*32768
[    0.000000] pcpu-alloc: [0] 0 
[    0.000000] Built 1 zonelists in Zone order, mobility grouping on.  Total pages: 27405
[    0.000000] Kernel command line: console=ttyP0,115200 initcall_debug init=/sbin/bootchartd rdinit=/etc/preinit
[    0.000000] 
[    0.000000] 
[    0.000000] 
[    0.000000] 
[    0.000000] rdinit_setup 343 str /etc/preinit
[    0.000000] PID hash table entries: 512 (order: -1, 2048 bytes)
[    0.000000] Dentry cache hash table entries: 16384 (order: 4, 65536 bytes)
[    0.000000] Inode-cache hash table entries: 8192 (order: 3, 32768 bytes)
[    0.000000] Memory: 101740K/110592K available (4096K kernel code, 173K rwdata, 1064K rodata, 1024K init, 339K bss, 8852K reserved, 0K cma-reserved)
[    0.000000] Virtual kernel memory layout:
[    0.000000]     vector  : 0xffff0000 - 0xffff1000   (   4 kB)
[    0.000000]     fixmap  : 0xffc00000 - 0xfff00000   (3072 kB)
[    0.000000]     vmalloc : 0x88000000 - 0xff800000   (1912 MB)
[    0.000000]     lowmem  : 0x81000000 - 0x87c00000   ( 108 MB)
[    0.000000]     modules : 0x80000000 - 0x81000000   (  16 MB)
[    0.000000]       .text : 0x81008000 - 0x81500000   (5088 kB)
[    0.000000]       .init : 0x81700000 - 0x81800000   (1024 kB)
[    0.000000]       .data : 0x81800000 - 0x8182b738   ( 174 kB)
[    0.000000]        .bss : 0x8182d000 - 0x81881c9c   ( 340 kB)
[    0.000000] SLUB: HWalign=64, Order=0-3, MinObjects=0, CPUs=1, Nodes=1
[    0.000000] NR_IRQS:224
[    0.000000] Architected cp15 timer(s) running at 27.00MHz (virt).
[    0.000000] clocksource: arch_sys_counter: mask: 0xffffffffffffff max_cycles: 0x63a1e71a3, max_idle_ns: 440795203123 ns
[    0.000008] sched_clock: 56 bits at 27MHz, resolution 37ns, wraps every 4398046511093ns
[    0.259177] console [ttyP0] enabled
[    0.261860] Calibrating delay loop... 1386.49 BogoMIPS (lpj=693248)
[    0.282681] pid_max: default: 32768 minimum: 301
[    0.288502] Mount-cache hash table entries: 1024 (order: 0, 4096 bytes)
[    0.297468] Mountpoint-cache hash table entries: 1024 (order: 0, 4096 bytes)
[    0.305400] CPU: Testing write buffer coherency: ok
[    0.311653] calling  cpu_suspend_alloc_sp+0x0/0xbc @ 1
[    0.311669] initcall cpu_suspend_alloc_sp+0x0/0xbc returned 0 after 0 usecs
[    0.311683] calling  init_static_idmap+0x0/0x1dc @ 1
[    0.311760] Setting up static identity map for 0x41100000 - 0x41100058
[    0.318314] initcall init_static_idmap+0x0/0x1dc returned 0 after 976 usecs
[    0.318328] calling  spawn_ksoftirqd+0x0/0x7c @ 1
[    0.318462] initcall spawn_ksoftirqd+0x0/0x7c returned 0 after 0 usecs
[    0.318473] calling  init_workqueues+0x0/0x3c4 @ 1
[    0.318837] initcall init_workqueues+0x0/0x3c4 returned 0 after 0 usecs
[    0.318854] calling  jump_label_init_module+0x0/0x44 @ 1
[    0.318866] initcall jump_label_init_module+0x0/0x44 returned 0 after 0 usecs
[    0.318873] calling  lru_init+0x0/0xb0 @ 1
[    0.318956] initcall lru_init+0x0/0xb0 returned 0 after 0 usecs
[    0.318971] calling  rand_initialize+0x0/0xd4 @ 1
[    0.319182] initcall rand_initialize+0x0/0xd4 returned 0 after 0 usecs
[    0.320308] devtmpfs: initialized
[    0.329496] calling  ipc_ns_init+0x0/0x68 @ 1
[    0.329514] initcall ipc_ns_init+0x0/0x68 returned 0 after 0 usecs
[    0.329530] calling  init_mmap_min_addr+0x0/0x50 @ 1
[    0.329540] initcall init_mmap_min_addr+0x0/0x50 returned 0 after 0 usecs
[    0.329551] calling  net_ns_init+0x0/0x26c @ 1
[    0.329595] initcall net_ns_init+0x0/0x26c returned 0 after 0 usecs
[    0.329637] calling  vfp_init+0x0/0x2d8 @ 1
[    0.329646] VFP support v0.3: implementor 41 architecture 2 part 30 variant 7 rev 5
[    0.337222] initcall vfp_init+0x0/0x2d8 returned 0 after 1953 usecs
[    0.337235] calling  ptrace_break_init+0x0/0x58 @ 1
[    0.337246] initcall ptrace_break_init+0x0/0x58 returned 0 after 0 usecs
[    0.337255] calling  dma_debug_do_init+0x0/0x40 @ 1
[    0.337262] initcall dma_debug_do_init+0x0/0x40 returned 0 after 0 usecs
[    0.337270] calling  v6_userpage_init+0x0/0x40 @ 1
[    0.337279] initcall v6_userpage_init+0x0/0x40 returned 0 after 0 usecs
[    0.337288] calling  wq_sysfs_init+0x0/0x88 @ 1
[    0.337445] initcall wq_sysfs_init+0x0/0x88 returned 0 after 0 usecs
[    0.337456] calling  ksysfs_init+0x0/0x130 @ 1
[    0.337503] initcall ksysfs_init+0x0/0x130 returned 0 after 0 usecs
[    0.337511] calling  pm_init+0x0/0xf0 @ 1
[    0.337599] initcall pm_init+0x0/0xf0 returned 0 after 0 usecs
[    0.337610] calling  init_jiffies_clocksource+0x0/0x4c @ 1
[    0.337622] clocksource: jiffies: mask: 0xffffffff max_cycles: 0xffffffff, max_idle_ns: 1911260446275000 ns
[    0.350524] initcall init_jiffies_clocksource+0x0/0x4c returned 0 after 1953 usecs
[    0.350542] calling  futex_init+0x0/0x124 @ 1
[    0.350559] futex hash table entries: 256 (order: -1, 3072 bytes)
[    0.356142] initcall futex_init+0x0/0x124 returned 0 after 976 usecs
[    0.356153] calling  cgroup_wq_init+0x0/0xb4 @ 1
[    0.356238] initcall cgroup_wq_init+0x0/0xb4 returned 0 after 0 usecs
[    0.356249] calling  cpu_pm_init+0x0/0x18 @ 1
[    0.356259] initcall cpu_pm_init+0x0/0x18 returned 0 after 0 usecs
[    0.356274] calling  init_per_zone_wmark_min+0x0/0xdc @ 1
[    0.356290] initcall init_per_zone_wmark_min+0x0/0xdc returned 0 after 0 usecs
[    0.356297] calling  init_zero_pfn+0x0/0x7c @ 1
[    0.356306] initcall init_zero_pfn+0x0/0x7c returned 0 after 0 usecs
[    0.356316] calling  fsnotify_init+0x0/0x54 @ 1
[    0.356330] initcall fsnotify_init+0x0/0x54 returned 0 after 0 usecs
[    0.356338] calling  filelock_init+0x0/0x98 @ 1
[    0.357868] initcall filelock_init+0x0/0x98 returned 0 after 976 usecs
[    0.357884] calling  init_misc_binfmt+0x0/0x7c @ 1
[    0.357901] initcall init_misc_binfmt+0x0/0x7c returned 0 after 0 usecs
[    0.357909] calling  init_script_binfmt+0x0/0x48 @ 1
[    0.357919] initcall init_script_binfmt+0x0/0x48 returned 0 after 0 usecs
[    0.357926] calling  init_elf_binfmt+0x0/0x48 @ 1
[    0.357935] initcall init_elf_binfmt+0x0/0x48 returned 0 after 0 usecs
[    0.357942] calling  init_flat_binfmt+0x0/0x48 @ 1
[    0.357951] initcall init_flat_binfmt+0x0/0x48 returned 0 after 0 usecs
[    0.357959] calling  debugfs_init+0x0/0xb8 @ 1
[    0.357990] initcall debugfs_init+0x0/0xb8 returned 0 after 0 usecs
[    0.358001] calling  prandom_init+0x0/0x14c @ 1
[    0.358013] initcall prandom_init+0x0/0x14c returned 0 after 0 usecs
[    0.358022] calling  pinctrl_init+0x0/0x11c @ 1
[    0.358025] pinctrl core: initialized pinctrl subsystem
[    0.362882] initcall pinctrl_init+0x0/0x11c returned 0 after 976 usecs
[    0.362897] calling  gpiolib_dev_init+0x0/0x1b4 @ 1
[    0.362971] initcall gpiolib_dev_init+0x0/0x1b4 returned 0 after 0 usecs
[    0.362981] calling  sock_init+0x0/0x120 @ 1
[    0.363142] initcall sock_init+0x0/0x120 returned 0 after 0 usecs
[    0.363153] calling  net_defaults_init+0x0/0x54 @ 1
[    0.363162] initcall net_defaults_init+0x0/0x54 returned 0 after 0 usecs
[    0.363171] calling  init_default_flow_dissectors+0x0/0x78 @ 1
[    0.363183] initcall init_default_flow_dissectors+0x0/0x78 returned 0 after 0 usecs
[    0.363193] calling  netlink_proto_init+0x0/0x1f0 @ 1
[    0.363390] NET: Registered protocol family 16
[    0.368103] initcall netlink_proto_init+0x0/0x1f0 returned 0 after 976 usecs
[    0.368156] calling  atomic_pool_init+0x0/0x1b4 @ 1
[    0.368563] DMA: preallocated 256 KiB pool for atomic coherent allocations
[    0.377495] initcall atomic_pool_init+0x0/0x1b4 returned 0 after 1953 usecs
[    0.377512] calling  bdi_class_init+0x0/0xa4 @ 1
[    0.377600] initcall bdi_class_init+0x0/0xa4 returned 0 after 0 usecs
[    0.377608] calling  mm_sysfs_init+0x0/0x80 @ 1
[    0.377629] initcall mm_sysfs_init+0x0/0x80 returned 0 after 0 usecs
[    0.377643] calling  kobject_uevent_init+0x0/0x44 @ 1
[    0.377767] initcall kobject_uevent_init+0x0/0x44 returned 0 after 0 usecs
[    0.377780] calling  gpiolib_sysfs_init+0x0/0x108 @ 1
[    0.377828] initcall gpiolib_sysfs_init+0x0/0x108 returned 0 after 0 usecs
[    0.377838] calling  amba_init+0x0/0x44 @ 1
[    0.377896] initcall amba_init+0x0/0x44 returned 0 after 0 usecs
[    0.377904] calling  tty_class_init+0x0/0x88 @ 1
[    0.377929] initcall tty_class_init+0x0/0x88 returned 0 after 0 usecs
[    0.377938] calling  wakeup_sources_debugfs_init+0x0/0x64 @ 1
[    0.377961] initcall wakeup_sources_debugfs_init+0x0/0x64 returned 0 after 0 usecs
[    0.378014] calling  gate_vma_init+0x0/0x54 @ 1
[    0.378025] initcall gate_vma_init+0x0/0x54 returned 0 after 0 usecs
[    0.378034] calling  customize_machine+0x0/0x74 @ 1
[    0.378045] initcall customize_machine+0x0/0x74 returned 0 after 0 usecs
[    0.378052] calling  init_atags_procfs+0x0/0x198 @ 1
[    0.378057] No ATAGs?
[    0.378837] initcall init_atags_procfs+0x0/0x198 returned -22 after 976 usecs
[    0.378847] calling  arch_hw_breakpoint_init+0x0/0x37c @ 1
[    0.378864] hw-breakpoint: found 5 (+1 reserved) breakpoint and 4 watchpoint registers.
[    0.388714] hw-breakpoint: maximum watchpoint size is 8 bytes.
[    0.396734] initcall arch_hw_breakpoint_init+0x0/0x37c returned 0 after 2929 usecs
[    0.396748] calling  vdso_init+0x0/0x274 @ 1
[    0.396805] initcall vdso_init+0x0/0x274 returned 0 after 0 usecs
[    0.396813] calling  exceptions_init+0x0/0x100 @ 1
[    0.396823] initcall exceptions_init+0x0/0x100 returned 0 after 0 usecs
[    0.396834] calling  icatchtek_devices_init+0x0/0x58 @ 1
[    0.396837] icatchtek_devices_init - 9 devices
[    0.398486] initcall icatchtek_devices_init+0x0/0x58 returned 0 after 1953 usecs
[    0.398504] calling  icatchtek_ampIpc_init+0x0/0x88 @ 1
[    0.398507] ---iCatchTek ampIpc init ---
[    0.401735] ---iCatchTek ampIpc success ---
[    0.406466] initcall icatchtek_ampIpc_init+0x0/0x88 returned -1 after 1953 usecs
[    0.406478] calling  kcmp_cookies_init+0x0/0x8c @ 1
[    0.406498] initcall kcmp_cookies_init+0x0/0x8c returned 0 after 0 usecs
[    0.406509] calling  of_platform_default_populate_init+0x0/0x104 @ 1
[    0.407024] initcall of_platform_default_populate_init+0x0/0x104 returned 0 after 0 usecs
[    0.407079] calling  topology_init+0x0/0x54 @ 1
[    0.407189] initcall topology_init+0x0/0x54 returned 0 after 0 usecs
[    0.407200] calling  uid_cache_init+0x0/0xf4 @ 1
[    0.407218] initcall uid_cache_init+0x0/0xf4 returned 0 after 0 usecs
[    0.407227] calling  param_sysfs_init+0x0/0x364 @ 1
[    0.410747] initcall param_sysfs_init+0x0/0x364 returned 0 after 3906 usecs
[    0.410766] calling  user_namespace_sysctl_init+0x0/0x80 @ 1
[    0.410826] initcall user_namespace_sysctl_init+0x0/0x80 returned 0 after 0 usecs
[    0.410836] calling  pm_sysrq_init+0x0/0x48 @ 1
[    0.410848] initcall pm_sysrq_init+0x0/0x48 returned 0 after 0 usecs
[    0.410858] calling  crash_save_vmcoreinfo_init+0x0/0x4c0 @ 1
[    0.410982] initcall crash_save_vmcoreinfo_init+0x0/0x4c0 returned 0 after 0 usecs
[    0.410991] calling  crash_notes_memory_init+0x0/0x8c @ 1
[    0.411017] initcall crash_notes_memory_init+0x0/0x8c returned 0 after 0 usecs
[    0.411026] calling  cgroup_namespaces_init+0x0/0x40 @ 1
[    0.411036] initcall cgroup_namespaces_init+0x0/0x40 returned 0 after 0 usecs
[    0.411045] calling  oom_init+0x0/0xc8 @ 1
[    0.411198] initcall oom_init+0x0/0xc8 returned 0 after 0 usecs
[    0.411207] calling  default_bdi_init+0x0/0xa8 @ 1
[    0.411481] initcall default_bdi_init+0x0/0xa8 returned 0 after 0 usecs
[    0.411491] calling  percpu_enable_async+0x0/0x48 @ 1
[    0.411499] initcall percpu_enable_async+0x0/0x48 returned 0 after 0 usecs
[    0.411506] calling  kcompactd_init+0x0/0x40 @ 1
[    0.411639] initcall kcompactd_init+0x0/0x40 returned 0 after 976 usecs
[    0.411656] calling  init_reserve_notifier+0x0/0x40 @ 1
[    0.411666] initcall init_reserve_notifier+0x0/0x40 returned 0 after 0 usecs
[    0.411675] calling  init_admin_reserve+0x0/0x2c @ 1
[    0.411683] initcall init_admin_reserve+0x0/0x2c returned 0 after 0 usecs
[    0.411689] calling  init_user_reserve+0x0/0x2c @ 1
[    0.411696] initcall init_user_reserve+0x0/0x2c returned 0 after 0 usecs
[    0.411705] calling  ksm_init+0x0/0x1f8 @ 1
[    0.411863] initcall ksm_init+0x0/0x1f8 returned 0 after 0 usecs
[    0.411873] calling  mem_cgroup_init+0x0/0xd0 @ 1
[    0.411898] initcall mem_cgroup_init+0x0/0xd0 returned 0 after 0 usecs
[    0.411911] calling  crypto_wq_init+0x0/0x90 @ 1
[    0.412024] initcall crypto_wq_init+0x0/0x90 returned 0 after 0 usecs
[    0.412033] calling  cryptomgr_init+0x0/0x44 @ 1
[    0.412044] initcall cryptomgr_init+0x0/0x44 returned 0 after 0 usecs
[    0.412053] calling  init_bio+0x0/0x13c @ 1
[    0.412211] initcall init_bio+0x0/0x13c returned 0 after 0 usecs
[    0.412224] calling  blk_settings_init+0x0/0x68 @ 1
[    0.412233] initcall blk_settings_init+0x0/0x68 returned 0 after 0 usecs
[    0.412242] calling  blk_ioc_init+0x0/0x6c @ 1
[    0.412264] initcall blk_ioc_init+0x0/0x6c returned 0 after 0 usecs
[    0.412274] calling  blk_softirq_init+0x0/0x8c @ 1
[    0.412286] initcall blk_softirq_init+0x0/0x8c returned 0 after 0 usecs
[    0.412294] calling  blk_mq_init+0x0/0x9c @ 1
[    0.412304] initcall blk_mq_init+0x0/0x9c returned 0 after 0 usecs
[    0.412313] calling  genhd_device_init+0x0/0xc8 @ 1
[    0.412503] initcall genhd_device_init+0x0/0xc8 returned 0 after 0 usecs
[    0.412518] calling  gpiolib_debugfs_init+0x0/0x64 @ 1
[    0.412563] initcall gpiolib_debugfs_init+0x0/0x64 returned 0 after 0 usecs
[    0.412578] calling  pwm_debugfs_init+0x0/0x64 @ 1
[    0.412633] initcall pwm_debugfs_init+0x0/0x64 returned 0 after 0 usecs
[    0.412643] calling  pwm_sysfs_init+0x0/0x4c @ 1
[    0.412695] initcall pwm_sysfs_init+0x0/0x4c returned 0 after 0 usecs
[    0.412703] calling  misc_init+0x0/0x150 @ 1
[    0.412756] initcall misc_init+0x0/0x150 returned 0 after 0 usecs
[    0.412765] calling  mtdsplit_squashfs_init+0x0/0x48 @ 1
[    0.412774] initcall mtdsplit_squashfs_init+0x0/0x48 returned 0 after 0 usecs
[    0.412781] calling  serio_init+0x0/0x7c @ 1
[    0.412841] initcall serio_init+0x0/0x7c returned 0 after 0 usecs
[    0.412852] calling  input_init+0x0/0x1c0 @ 1
[    0.412894] initcall input_init+0x0/0x1c0 returned 0 after 0 usecs
[    0.412910] calling  arm_pmu_hp_init+0x0/0x50 @ 1
[    0.412919] initcall arm_pmu_hp_init+0x0/0x50 returned 0 after 0 usecs
[    0.412927] calling  proto_init+0x0/0x44 @ 1
[    0.412945] initcall proto_init+0x0/0x44 returned 0 after 0 usecs
[    0.412955] calling  net_dev_init+0x0/0x21c @ 1
[    0.413467] initcall net_dev_init+0x0/0x21c returned 0 after 0 usecs
[    0.413478] calling  neigh_init+0x0/0xd0 @ 1
[    0.413489] initcall neigh_init+0x0/0xd0 returned 0 after 0 usecs
[    0.413497] calling  pktsched_init+0x0/0x17c @ 1
[    0.413521] initcall pktsched_init+0x0/0x17c returned 0 after 0 usecs
[    0.413529] calling  genl_init+0x0/0xdc @ 1
[    0.413574] initcall genl_init+0x0/0xdc returned 0 after 0 usecs
[    0.413586] calling  ipv4_netfilter_init+0x0/0x44 @ 1
[    0.413599] initcall ipv4_netfilter_init+0x0/0x44 returned 0 after 0 usecs
[    0.413690] calling  proc_cpu_init+0x0/0x6c @ 1
[    0.413712] initcall proc_cpu_init+0x0/0x6c returned 0 after 0 usecs
[    0.413721] calling  alignment_init+0x0/0x178 @ 1
[    0.413741] initcall alignment_init+0x0/0x178 returned 0 after 0 usecs
[    0.413756] calling  clocksource_done_booting+0x0/0x70 @ 1
[    0.413776] clocksource: Switched to clocksource arch_sys_counter
[    0.419789] initcall clocksource_done_booting+0x0/0x70 returned 0 after 5852 usecs
[    0.419852] calling  init_pipe_fs+0x0/0xb0 @ 1
[    0.419955] initcall init_pipe_fs+0x0/0xb0 returned 0 after 87 usecs
[    0.419967] calling  cgroup_writeback_init+0x0/0x90 @ 1
[    0.420011] initcall cgroup_writeback_init+0x0/0x90 returned 0 after 32 usecs
[    0.420019] calling  inotify_user_setup+0x0/0x84 @ 1
[    0.420057] initcall inotify_user_setup+0x0/0x84 returned 0 after 27 usecs
[    0.420065] calling  eventpoll_init+0x0/0xf0 @ 1
[    0.420086] initcall eventpoll_init+0x0/0xf0 returned 0 after 11 usecs
[    0.420094] calling  anon_inode_init+0x0/0xa8 @ 1
[    0.420149] initcall anon_inode_init+0x0/0xa8 returned 0 after 43 usecs
[    0.420160] calling  proc_locks_init+0x0/0x64 @ 1
[    0.420177] initcall proc_locks_init+0x0/0x64 returned 0 after 8 usecs
[    0.420186] calling  dquot_init+0x0/0x17c @ 1
[    0.420189] VFS: Disk quotas dquot_6.6.0
[    0.425377] VFS: Dquot-cache hash table entries: 1024 (order 0, 4096 bytes)
[    0.432609] initcall dquot_init+0x0/0x17c returned 0 after 12110 usecs
[    0.432623] calling  proc_cmdline_init+0x0/0x64 @ 1
[    0.432648] initcall proc_cmdline_init+0x0/0x64 returned 0 after 14 usecs
[    0.432657] calling  proc_consoles_init+0x0/0x64 @ 1
[    0.432683] initcall proc_consoles_init+0x0/0x64 returned 0 after 16 usecs
[    0.432693] calling  proc_cpuinfo_init+0x0/0x64 @ 1
[    0.432706] initcall proc_cpuinfo_init+0x0/0x64 returned 0 after 4 usecs
[    0.432715] calling  proc_devices_init+0x0/0x64 @ 1
[    0.432728] initcall proc_devices_init+0x0/0x64 returned 0 after 4 usecs
[    0.432736] calling  proc_interrupts_init+0x0/0x64 @ 1
[    0.432750] initcall proc_interrupts_init+0x0/0x64 returned 0 after 4 usecs
[    0.432758] calling  proc_loadavg_init+0x0/0x64 @ 1
[    0.432773] initcall proc_loadavg_init+0x0/0x64 returned 0 after 4 usecs
[    0.432805] calling  proc_meminfo_init+0x0/0x64 @ 1
[    0.432821] initcall proc_meminfo_init+0x0/0x64 returned 0 after 5 usecs
[    0.432830] calling  proc_stat_init+0x0/0x64 @ 1
[    0.432843] initcall proc_stat_init+0x0/0x64 returned 0 after 4 usecs
[    0.432852] calling  proc_uptime_init+0x0/0x64 @ 1
[    0.432864] initcall proc_uptime_init+0x0/0x64 returned 0 after 4 usecs
[    0.432872] calling  proc_version_init+0x0/0x64 @ 1
[    0.432885] initcall proc_version_init+0x0/0x64 returned 0 after 4 usecs
[    0.432893] calling  proc_softirqs_init+0x0/0x64 @ 1
[    0.432906] initcall proc_softirqs_init+0x0/0x64 returned 0 after 3 usecs
[    0.432914] calling  vmcore_init+0x0/0x6e0 @ 1
[    0.432923] initcall vmcore_init+0x0/0x6e0 returned 0 after 1 usecs
[    0.432931] calling  proc_kmsg_init+0x0/0x64 @ 1
[    0.432944] initcall proc_kmsg_init+0x0/0x64 returned 0 after 3 usecs
[    0.432952] calling  proc_page_init+0x0/0xa0 @ 1
[    0.432972] initcall proc_page_init+0x0/0xa0 returned 0 after 11 usecs
[    0.432980] calling  init_ramfs_fs+0x0/0x98 @ 1
[    0.432994] initcall init_ramfs_fs+0x0/0x98 returned 0 after 5 usecs
[    0.433004] calling  blk_scsi_ioctl_init+0x0/0x10c @ 1
[    0.433014] initcall blk_scsi_ioctl_init+0x0/0x10c returned 0 after 1 usecs
[    0.433021] calling  chr_dev_init+0x0/0x180 @ 1
[    0.434127] initcall chr_dev_init+0x0/0x180 returned 0 after 1065 usecs
[    0.434141] calling  firmware_class_init+0x0/0xc4 @ 1
[    0.434152] initcall firmware_class_init+0x0/0xc4 returned 0 after 3 usecs
[    0.434161] calling  sysctl_core_init+0x0/0x60 @ 1
[    0.434216] initcall sysctl_core_init+0x0/0x60 returned 0 after 44 usecs
[    0.434226] calling  eth_offload_init+0x0/0x44 @ 1
[    0.434235] initcall eth_offload_init+0x0/0x44 returned 0 after 1 usecs
[    0.434244] calling  inet_init+0x0/0x468 @ 1
[    0.434310] NET: Registered protocol family 2
[    0.438707] TCP established hash table entries: 1024 (order: 0, 4096 bytes)
[    0.447375] TCP bind hash table entries: 1024 (order: 0, 4096 bytes)
[    0.453745] TCP: Hash tables configured (established 1024 bind 1024)
[    0.466471] UDP hash table entries: 256 (order: 0, 4096 bytes)
[    0.471830] UDP-Lite hash table entries: 256 (order: 0, 4096 bytes)
[    0.481083] initcall inet_init+0x0/0x468 returned 0 after 45696 usecs
[    0.481104] calling  ipv4_offload_init+0x0/0xd0 @ 1
[    0.481117] initcall ipv4_offload_init+0x0/0xd0 returned 0 after 2 usecs
[    0.481128] calling  af_unix_init+0x0/0xa0 @ 1
[    0.481160] NET: Registered protocol family 1
[    0.484683] initcall af_unix_init+0x0/0xa0 returned 0 after 3456 usecs
[    0.484694] calling  ipv6_offload_init+0x0/0xf0 @ 1
[    0.484707] initcall ipv6_offload_init+0x0/0xf0 returned 0 after 3 usecs
[    0.484727] calling  default_rootfs+0x0/0xdc @ 1
[    0.484889] initcall default_rootfs+0x0/0xdc returned 0 after 139 usecs
[    0.484941] calling  register_armv7_pmu_driver+0x0/0x48 @ 1
[    0.485082] initcall register_armv7_pmu_driver+0x0/0x48 returned 0 after 127 usecs
[    0.485096] calling  aes_init+0x0/0x44 @ 1
[    0.485296] initcall aes_init+0x0/0x44 returned 0 after 179 usecs
[    0.485306] calling  sha1_mod_init+0x0/0x44 @ 1
[    0.485484] initcall sha1_mod_init+0x0/0x44 returned 0 after 158 usecs
[    0.485495] calling  sha256_mod_init+0x0/0x48 @ 1
[    0.485712] initcall sha256_mod_init+0x0/0x48 returned 0 after 198 usecs
[    0.485721] calling  sha512_arm_mod_init+0x0/0x48 @ 1
[    0.485975] initcall sha512_arm_mod_init+0x0/0x48 returned 0 after 233 usecs
[    0.485986] calling  icatchtek_serial_init+0x0/0x54 @ 1
[    0.485989] ---iCatchTek Serial Init ---
[    0.491793] initcall icatchtek_serial_init+0x0/0x54 returned 0 after 5641 usecs
[    0.491843] calling  icat_virt_serial_init+0x0/0x54 @ 1
[    0.491846] ---iCatchTek Virtual Serial Init ---
[    0.496270] initcall icat_virt_serial_init+0x0/0x54 returned 0 after 4306 usecs
[    0.496283] calling  ipc_drv_init+0x0/0x1d8 @ 1
[    0.496286] Initial ipc driver
[    0.496962] initcall ipc_drv_init+0x0/0x1d8 returned 0 after 651 usecs
[    0.496974] calling  puart_init+0x0/0x90 @ 1
[    0.496978] ----- iCatchTek V37 Peripheral UART init -----
[    0.502859] initcall puart_init+0x0/0x90 returned 0 after 5732 usecs
[    0.502872] calling  proc_execdomains_init+0x0/0x64 @ 1
[    0.502891] initcall proc_execdomains_init+0x0/0x64 returned 0 after 9 usecs
[    0.502900] calling  ioresources_init+0x0/0x84 @ 1
[    0.502921] initcall ioresources_init+0x0/0x84 returned 0 after 10 usecs
[    0.502931] calling  irq_pm_init_ops+0x0/0x44 @ 1
[    0.502941] initcall irq_pm_init_ops+0x0/0x44 returned 0 after 1 usecs
[    0.502950] calling  init_posix_timers+0x0/0x244 @ 1
[    0.503006] initcall init_posix_timers+0x0/0x244 returned 0 after 43 usecs
[    0.503015] calling  init_posix_cpu_timers+0x0/0x188 @ 1
[    0.503026] initcall init_posix_cpu_timers+0x0/0x188 returned 0 after 1 usecs
[    0.503035] calling  timekeeping_init_ops+0x0/0x44 @ 1
[    0.503044] initcall timekeeping_init_ops+0x0/0x44 returned 0 after 0 usecs
[    0.503053] calling  init_clocksource_sysfs+0x0/0x108 @ 1
[    0.503251] initcall init_clocksource_sysfs+0x0/0x108 returned 0 after 179 usecs
[    0.503261] calling  init_timer_list_procfs+0x0/0x88 @ 1
[    0.503277] initcall init_timer_list_procfs+0x0/0x88 returned 0 after 5 usecs
[    0.503286] calling  alarmtimer_init+0x0/0x130 @ 1
[    0.503460] initcall alarmtimer_init+0x0/0x130 returned 0 after 156 usecs
[    0.503470] calling  clockevents_init_sysfs+0x0/0xf4 @ 1
[    0.503686] initcall clockevents_init_sysfs+0x0/0xf4 returned 0 after 197 usecs
[    0.503697] calling  sched_clock_syscore_init+0x0/0x44 @ 1
[    0.503707] initcall sched_clock_syscore_init+0x0/0x44 returned 0 after 0 usecs
[    0.503716] calling  proc_modules_init+0x0/0x64 @ 1
[    0.503733] initcall proc_modules_init+0x0/0x64 returned 0 after 6 usecs
[    0.503741] calling  kallsyms_init+0x0/0x64 @ 1
[    0.503756] initcall kallsyms_init+0x0/0x64 returned 0 after 4 usecs
[    0.503768] calling  utsname_sysctl_init+0x0/0x44 @ 1
[    0.503832] initcall utsname_sysctl_init+0x0/0x44 returned 0 after 27 usecs
[    0.503842] calling  perf_event_sysfs_init+0x0/0x178 @ 1
[    0.504074] initcall perf_event_sysfs_init+0x0/0x178 returned 0 after 213 usecs
[    0.504082] calling  kswapd_init+0x0/0x44 @ 1
[    0.504211] initcall kswapd_init+0x0/0x44 returned 0 after 115 usecs
[    0.504220] calling  extfrag_debug_init+0x0/0x108 @ 1
[    0.504272] initcall extfrag_debug_init+0x0/0x108 returned 0 after 40 usecs
[    0.504280] calling  setup_vmstat+0x0/0xbc @ 1
[    0.504310] initcall setup_vmstat+0x0/0xbc returned 0 after 20 usecs
[    0.504318] calling  workingset_init+0x0/0xf8 @ 1
[    0.504323] workingset: timestamp_bits=14 max_order=15 bucket_order=1
[    0.511632] initcall workingset_init+0x0/0xf8 returned 0 after 7113 usecs
[    0.511647] calling  proc_vmalloc_init+0x0/0x64 @ 1
[    0.511692] initcall proc_vmalloc_init+0x0/0x64 returned 0 after 33 usecs
[    0.511702] calling  memblock_init_debugfs+0x0/0xc4 @ 1
[    0.511746] initcall memblock_init_debugfs+0x0/0xc4 returned 0 after 32 usecs
[    0.511754] calling  slab_sysfs_init+0x0/0x1e0 @ 1
[    0.519491] initcall slab_sysfs_init+0x0/0x1e0 returned 0 after 7532 usecs
[    0.519508] calling  init_cleancache+0x0/0xe8 @ 1
[    0.519556] initcall init_cleancache+0x0/0xe8 returned 0 after 36 usecs
[    0.519564] calling  zs_init+0x0/0x164 @ 1
[    0.519631] initcall zs_init+0x0/0x164 returned 0 after 52 usecs
[    0.519640] calling  fcntl_init+0x0/0x6c @ 1
[    0.519672] initcall fcntl_init+0x0/0x6c returned 0 after 20 usecs
[    0.519682] calling  proc_filesystems_init+0x0/0x64 @ 1
[    0.519701] initcall proc_filesystems_init+0x0/0x64 returned 0 after 9 usecs
[    0.519710] calling  start_dirtytime_writeback+0x0/0x60 @ 1
[    0.519726] initcall start_dirtytime_writeback+0x0/0x60 returned 0 after 6 usecs
[    0.519768] calling  dio_init+0x0/0x6c @ 1
[    0.520224] initcall dio_init+0x0/0x6c returned 0 after 192 usecs
[    0.520235] calling  dnotify_init+0x0/0xb0 @ 1
[    0.520272] initcall dnotify_init+0x0/0xb0 returned 0 after 26 usecs
[    0.520282] calling  fanotify_user_setup+0x0/0x8c @ 1
[    0.520316] initcall fanotify_user_setup+0x0/0x8c returned 0 after 22 usecs
[    0.520323] calling  aio_setup+0x0/0xb4 @ 1
[    0.520383] initcall aio_setup+0x0/0xb4 returned 0 after 47 usecs
[    0.520393] calling  init_devpts_fs+0x0/0x78 @ 1
[    0.520439] initcall init_devpts_fs+0x0/0x78 returned 0 after 34 usecs
[    0.520447] calling  init_squashfs_fs+0x0/0xd4 @ 1
[    0.520582] squashfs: version 4.0 (2009/01/31) Phillip Lougher
[    0.527199] initcall init_squashfs_fs+0x0/0xd4 returned 0 after 6564 usecs
[    0.527213] calling  init_jffs2_fs+0x0/0x164 @ 1
[    0.527217] jffs2: version 2.2 (NAND) (ZLIB) (RTIME) (CMODE_PRIORITY) (c) 2001-2006 Red Hat, Inc.
[    0.537978] initcall init_jffs2_fs+0x0/0x164 returned 0 after 10488 usecs
[    0.537995] calling  ovl_init+0x0/0x44 @ 1
[    0.538005] initcall ovl_init+0x0/0x44 returned 0 after 2 usecs
[    0.538014] calling  ipc_init+0x0/0x44 @ 1
[    0.538048] initcall ipc_init+0x0/0x44 returned 0 after 24 usecs
[    0.538057] calling  ipc_sysctl_init+0x0/0x44 @ 1
[    0.538110] initcall ipc_sysctl_init+0x0/0x44 returned 0 after 41 usecs
[    0.538120] calling  crypto_algapi_init+0x0/0x3c @ 1
[    0.538138] initcall crypto_algapi_init+0x0/0x3c returned 0 after 8 usecs
[    0.538147] calling  seqiv_module_init+0x0/0x44 @ 1
[    0.538159] initcall seqiv_module_init+0x0/0x44 returned 0 after 3 usecs
[    0.538168] calling  echainiv_module_init+0x0/0x44 @ 1
[    0.538178] initcall echainiv_module_init+0x0/0x44 returned 0 after 1 usecs
[    0.538186] calling  crypto_user_init+0x0/0xa4 @ 1
[    0.538224] initcall crypto_user_init+0x0/0xa4 returned 0 after 26 usecs
[    0.538232] calling  hmac_module_init+0x0/0x44 @ 1
[    0.538243] initcall hmac_module_init+0x0/0x44 returned 0 after 1 usecs
[    0.538252] calling  crypto_null_mod_init+0x0/0xa4 @ 1
[    0.538842] initcall crypto_null_mod_init+0x0/0xa4 returned 0 after 555 usecs
[    0.538854] calling  md5_mod_init+0x0/0x44 @ 1
[    0.538973] initcall md5_mod_init+0x0/0x44 returned 0 after 103 usecs
[    0.538984] calling  sha1_generic_mod_init+0x0/0x44 @ 1
[    0.539092] initcall sha1_generic_mod_init+0x0/0x44 returned 0 after 92 usecs
[    0.539102] calling  sha256_generic_mod_init+0x0/0x48 @ 1
[    0.539294] initcall sha256_generic_mod_init+0x0/0x48 returned 0 after 173 usecs
[    0.539305] calling  crypto_ecb_module_init+0x0/0x44 @ 1
[    0.539316] initcall crypto_ecb_module_init+0x0/0x44 returned 0 after 1 usecs
[    0.539325] calling  crypto_cbc_module_init+0x0/0x44 @ 1
[    0.539336] initcall crypto_cbc_module_init+0x0/0x44 returned 0 after 1 usecs
[    0.539344] calling  crypto_cts_module_init+0x0/0x44 @ 1
[    0.539355] initcall crypto_cts_module_init+0x0/0x44 returned 0 after 1 usecs
[    0.539363] calling  crypto_ctr_module_init+0x0/0x94 @ 1
[    0.539375] initcall crypto_ctr_module_init+0x0/0x94 returned 0 after 1 usecs
[    0.539383] calling  crypto_gcm_module_init+0x0/0x164 @ 1
[    0.539398] initcall crypto_gcm_module_init+0x0/0x164 returned 0 after 5 usecs
[    0.539407] calling  crypto_ccm_module_init+0x0/0xcc @ 1
[    0.539419] initcall crypto_ccm_module_init+0x0/0xcc returned 0 after 2 usecs
[    0.539427] calling  des_generic_mod_init+0x0/0x48 @ 1
[    0.539620] initcall des_generic_mod_init+0x0/0x48 returned 0 after 175 usecs
[    0.539630] calling  aes_init+0x0/0x44 @ 1
[    0.539731] initcall aes_init+0x0/0x44 returned 0 after 86 usecs
[    0.539741] calling  arc4_init+0x0/0x48 @ 1
[    0.539962] initcall arc4_init+0x0/0x48 returned 0 after 202 usecs
[    0.539973] calling  deflate_mod_init+0x0/0x44 @ 1
[    0.540077] initcall deflate_mod_init+0x0/0x44 returned 0 after 88 usecs
[    0.540087] calling  crypto_authenc_module_init+0x0/0x44 @ 1
[    0.540099] initcall crypto_authenc_module_init+0x0/0x44 returned 0 after 1 usecs
[    0.540108] calling  crypto_authenc_esn_module_init+0x0/0x44 @ 1
[    0.540119] initcall crypto_authenc_esn_module_init+0x0/0x44 returned 0 after 1 usecs
[    0.540128] calling  prng_mod_init+0x0/0x48 @ 1
[    0.540234] initcall prng_mod_init+0x0/0x48 returned 0 after 91 usecs
[    0.540244] calling  drbg_init+0x0/0x24c @ 1
[    0.541056] initcall drbg_init+0x0/0x24c returned 0 after 776 usecs
[    0.541068] calling  jent_mod_init+0x0/0x88 @ 1
[    0.544598] initcall jent_mod_init+0x0/0x88 returned 0 after 3411 usecs
[    0.544616] calling  ghash_mod_init+0x0/0x44 @ 1
[    0.544758] initcall ghash_mod_init+0x0/0x44 returned 0 after 124 usecs
[    0.544773] calling  af_alg_init+0x0/0x98 @ 1
[    0.544810] NET: Registered protocol family 38
[    0.548699] initcall af_alg_init+0x0/0x98 returned 0 after 3788 usecs
[    0.548713] calling  algif_hash_init+0x0/0x44 @ 1
[    0.548825] initcall algif_hash_init+0x0/0x44 returned 0 after 94 usecs
[    0.548837] calling  algif_skcipher_init+0x0/0x44 @ 1
[    0.548848] initcall algif_skcipher_init+0x0/0x44 returned 0 after 1 usecs
[    0.548856] calling  rng_init+0x0/0x44 @ 1
[    0.548867] initcall rng_init+0x0/0x44 returned 0 after 2 usecs
[    0.548876] calling  algif_aead_init+0x0/0x44 @ 1
[    0.548887] initcall algif_aead_init+0x0/0x44 returned 0 after 1 usecs
[    0.548895] calling  proc_genhd_init+0x0/0x84 @ 1
[    0.548934] initcall proc_genhd_init+0x0/0x84 returned 0 after 27 usecs
[    0.548943] calling  noop_init+0x0/0x44 @ 1
[    0.548950] io scheduler noop registered (default)
[    0.554328] initcall noop_init+0x0/0x44 returned 0 after 5237 usecs
[    0.554341] calling  sg_pool_init+0x0/0x214 @ 1
[    0.554446] initcall sg_pool_init+0x0/0x214 returned 0 after 90 usecs
[    0.554456] calling  phy_core_init+0x0/0xa0 @ 1
[    0.554503] initcall phy_core_init+0x0/0xa0 returned 0 after 35 usecs
[    0.554514] calling  of_fixed_factor_clk_driver_init+0x0/0x48 @ 1
[    0.554608] initcall of_fixed_factor_clk_driver_init+0x0/0x48 returned 0 after 78 usecs
[    0.554618] calling  of_fixed_clk_driver_init+0x0/0x48 @ 1
[    0.554677] initcall of_fixed_clk_driver_init+0x0/0x48 returned 0 after 45 usecs
[    0.554685] calling  gpio_clk_driver_init+0x0/0x48 @ 1
[    0.554741] initcall gpio_clk_driver_init+0x0/0x48 returned 0 after 45 usecs
[    0.554748] calling  pty_init+0x0/0x2b0 @ 1
[    0.555024] initcall pty_init+0x0/0x2b0 returned 0 after 257 usecs
[    0.555034] calling  sysrq_init+0x0/0x128 @ 1
[    0.555066] initcall sysrq_init+0x0/0x128 returned 0 after 22 usecs
[    0.555074] calling  hwrng_modinit+0x0/0x100 @ 1
[    0.555265] initcall hwrng_modinit+0x0/0x100 returned 0 after 175 usecs
[    0.555277] calling  topology_sysfs_init+0x0/0x20 @ 1
[    0.555329] initcall topology_sysfs_init+0x0/0x20 returned 0 after 40 usecs
[    0.555337] calling  cacheinfo_sysfs_init+0x0/0x68c @ 1
[    0.555346] initcall cacheinfo_sysfs_init+0x0/0x68c returned -2 after 1 usecs
[    0.555352] calling  init_mtd+0x0/0x190 @ 1
[    0.555562] initcall init_mtd+0x0/0x190 returned 0 after 192 usecs
[    0.555572] calling  ofpart_parser_init+0x0/0x58 @ 1
[    0.555580] initcall ofpart_parser_init+0x0/0x58 returned 0 after 1 usecs
[    0.555588] calling  cmdline_parser_init+0x0/0x7c @ 1
[    0.555597] initcall cmdline_parser_init+0x0/0x7c returned 0 after 1 usecs
[    0.555603] calling  init_mtdblock+0x0/0x44 @ 1
[    0.555616] initcall init_mtdblock+0x0/0x44 returned 0 after 5 usecs
[    0.555624] calling  net_olddevs_init+0x0/0x114 @ 1
[    0.555650] initcall net_olddevs_init+0x0/0x114 returned 0 after 17 usecs
[    0.555657] calling  serport_init+0x0/0x7c @ 1
[    0.555666] initcall serport_init+0x0/0x7c returned 0 after 1 usecs
[    0.555673] calling  mousedev_init+0x0/0x100 @ 1
[    0.556070] mousedev: PS/2 mouse device common for all mice
[    0.562301] initcall mousedev_init+0x0/0x100 returned 0 after 6442 usecs
[    0.562317] calling  atkbd_init+0x0/0x50 @ 1
[    0.562447] initcall atkbd_init+0x0/0x50 returned 0 after 116 usecs
[    0.562456] calling  psmouse_init+0x0/0xe4 @ 1
[    0.562624] initcall psmouse_init+0x0/0xe4 returned 0 after 152 usecs
[    0.562633] calling  hid_init+0x0/0xbc @ 1
[    0.562751] initcall hid_init+0x0/0xbc returned 0 after 105 usecs
[    0.562761] calling  hid_generic_init+0x0/0x50 @ 1
[    0.562872] initcall hid_generic_init+0x0/0x50 returned 0 after 96 usecs
[    0.562884] calling  blackhole_init+0x0/0x44 @ 1
[    0.562897] initcall blackhole_init+0x0/0x44 returned 0 after 3 usecs
[    0.562905] calling  fq_codel_module_init+0x0/0x44 @ 1
[    0.562914] initcall fq_codel_module_init+0x0/0x44 returned -17 after 0 usecs
[    0.562924] calling  gre_offload_init+0x0/0xa4 @ 1
[    0.562935] initcall gre_offload_init+0x0/0xa4 returned 0 after 2 usecs
[    0.562944] calling  sysctl_ipv4_init+0x0/0xa8 @ 1
[    0.563191] initcall sysctl_ipv4_init+0x0/0xa8 returned 0 after 230 usecs
[    0.563200] calling  cubictcp_register+0x0/0x94 @ 1
[    0.563213] initcall cubictcp_register+0x0/0x94 returned 0 after 4 usecs
[    0.563222] calling  packet_init+0x0/0x104 @ 1
[    0.563229] NET: Registered protocol family 17
[    0.566838] initcall packet_init+0x0/0x104 returned 0 after 3518 usecs
[    0.566898] calling  init_machine_late+0x0/0x134 @ 1
[    0.566920] initcall init_machine_late+0x0/0x134 returned 0 after 10 usecs
[    0.566927] calling  thumbee_init+0x0/0xc4 @ 1
[    0.566931] ThumbEE CPU extension supported.
[    0.572108] initcall thumbee_init+0x0/0xc4 returned 0 after 5043 usecs
[    0.572121] calling  spca6500_pm_init+0x0/0x9c @ 1
[    0.572263] initcall spca6500_pm_init+0x0/0x9c returned 0 after 123 usecs
[    0.572273] calling  icatchtek_nand_init+0x0/0x48 @ 1
[    0.572370] ---iCatchTek NAND Init ---
[    0.578184] nand: device found, Manufacturer ID: 0x92, Chip ID: 0xf1
[    0.584056] nand: Eon NAND 128MiB 3,3V 8-bit
[    0.594057] nand: 128 MiB, SLC, erase size: 128 KiB, page size: 2048, OOB size: 64
[    0.601607] 2 fixed-partitions partitions found on MTD device icatchtek-nand
[    0.611399] Creating 2 MTD partitions on "icatchtek-nand":
[    0.616469] 0x000000040000-0x000000440000 : "kernel"
[    0.625752] 0x000000440000-0x000001c40000 : "ubi"
[    0.631091] ---iCatchTek NAND success ---
[    0.634551] initcall icatchtek_nand_init+0x0/0x48 returned 0 after 60794 usecs
[    0.634571] calling  init_oops_id+0x0/0x3c @ 1
[    0.634588] initcall init_oops_id+0x0/0x3c returned 0 after 7 usecs
[    0.634598] calling  pm_qos_power_init+0x0/0x180 @ 1
[    0.635233] initcall pm_qos_power_init+0x0/0x180 returned 0 after 604 usecs
[    0.635246] calling  pm_debugfs_init+0x0/0x64 @ 1
[    0.635263] initcall pm_debugfs_init+0x0/0x64 returned 0 after 6 usecs
[    0.635272] calling  printk_late_init+0x0/0x154 @ 1
[    0.635281] initcall printk_late_init+0x0/0x154 returned 0 after 1 usecs
[    0.635291] calling  tk_debug_sleep_time_init+0x0/0x9c @ 1
[    0.635321] initcall tk_debug_sleep_time_init+0x0/0x9c returned 0 after 18 usecs
[    0.635330] calling  fault_around_debugfs+0x0/0x94 @ 1
[    0.635343] initcall fault_around_debugfs+0x0/0x94 returned 0 after 4 usecs
[    0.635352] calling  check_early_ioremap_leak+0x0/0xd8 @ 1
[    0.635362] initcall check_early_ioremap_leak+0x0/0xd8 returned 0 after 1 usecs
[    0.635371] calling  ubifs_init+0x0/0x180 @ 1
[    0.635950] initcall ubifs_init+0x0/0x180 returned 0 after 548 usecs
[    0.635966] calling  prandom_reseed+0x0/0xb0 @ 1
[    0.635989] initcall prandom_reseed+0x0/0xb0 returned 0 after 11 usecs
[    0.635998] calling  clk_debug_init+0x0/0x220 @ 1
[    0.636052] initcall clk_debug_init+0x0/0x220 returned 0 after 40 usecs
[    0.636064] calling  deferred_probe_initcall+0x0/0x2c @ 1
[    0.636114] initcall deferred_probe_initcall+0x0/0x2c returned 0 after 37 usecs
[    0.636123] calling  ubi_init+0x0/0x58c @ 1
[    0.636573] UBI: auto-attach mtd1
[    0.638881] ubi0: default fastmap pool size: 8
[    0.645079] ubi0: default fastmap WL pool size: 4
[    0.649829] ubi0: attaching mtd1
[    0.672191] ubi0: scanning is finished
[    0.700586] ubi0: volume 1 ("rootfs_data") re-sized from 9 to 120 LEBs
[    0.707628] ubi0: attached mtd1 (name "ubi", size 24 MiB)
[    0.714304] ubi0: PEB size: 131072 bytes (128 KiB), LEB size: 126976 bytes
[    0.722263] ubi0: min./max. I/O unit sizes: 2048/2048, sub-page size 2048
[    0.733421] ubi0: VID header offset: 2048 (aligned 2048), data offset: 4096
[    0.740088] ubi0: good PEBs: 192, bad PEBs: 0, corrupted PEBs: 0
[    0.748729] ubi0: user volume: 2, internal volumes: 1, max. volumes count: 128
[    0.755872] ubi0: max/mean erase counter: 1/0, WL threshold: 4096, image sequence number: 834440159
[    0.768256] ubi0: available PEBs: 0, total reserved PEBs: 192, PEBs reserved for bad PEB handling: 20
[    0.779071] ubi0: background thread "ubi_bgt0d" started, PID 55
[    0.828619] block ubiblock0_0: created from ubi0:0(rootfs)
[    0.833491] ubiblock: device ubiblock0_0 (rootfs) set to be root filesystem
[    0.843077] initcall ubi_init+0x0/0x58c returned 0 after 202071 usecs
[    0.843095] calling  of_fdt_raw_init+0x0/0xdc @ 1
[    0.843379] initcall of_fdt_raw_init+0x0/0xdc returned 0 after 258 usecs
[    0.843399] calling  register_sk_filter_ops+0x0/0x40 @ 1
[    0.843409] initcall register_sk_filter_ops+0x0/0x40 returned 0 after 0 usecs
[    0.843419] calling  tcp_congestion_default+0x0/0x44 @ 1
[    0.843431] initcall tcp_congestion_default+0x0/0x44 returned 0 after 2 usecs
[    0.843448] calling  clk_disable_unused+0x0/0x134 @ 1
[    0.843461] initcall clk_disable_unused+0x0/0x134 returned 0 after 4 usecs
[    0.897324] VFS: Mounted root (squashfs filesystem) readonly on device 254:0.
[    0.907403] devtmpfs: mounted
[    0.912895] Freeing unused kernel memory: 1024K
[    0.916570] kernel_init 976
[    0.922134] kernel_init 978
[    0.925036] kernel_init 981
[    0.927061] kernel_init 984
[    0.930562] kernel_init 994
[    0.933725] kernel_init 1003
[    1.478440] init: Enter into
[    1.480357] init: before
[    1.484680] init: after mount
[    1.487120] init: Console is alive
[    1.493123] init: 90 
[    1.494296] init: - preinit -
[    1.499508] init: Launched preinit instance, pid=63
[    1.905388] random: jshn: uninitialized urandom read (4 bytes read)
[    1.947782] random: jshn: uninitialized urandom read (4 bytes read)
[    2.033520] random: procd: uninitialized urandom read (4 bytes read)
[    2.748893] UBIFS (ubi0:1): default file-system created
[    2.754584] UBIFS (ubi0:1): background thread "ubifs_bgt0_1" started, PID 86
[    2.921670] UBIFS (ubi0:1): UBIFS: mounted UBI device 0, volume 1, name "rootfs_data"
[    2.930719] UBIFS (ubi0:1): LEB size: 126976 bytes (124 KiB), min./max. I/O unit sizes: 2048 bytes/2048 bytes
[    2.941437] UBIFS (ubi0:1): FS size: 13967360 bytes (13 MiB, 110 LEBs), journal size 1015809 bytes (0 MiB, 6 LEBs)
[    2.954736] UBIFS (ubi0:1): reserved for root: 659712 bytes (644 KiB)
[    2.963642] UBIFS (ubi0:1): media format: w4/r0 (latest is w4/r0), UUID EC1F78B3-4511-4777-8E8B-43E723E3A31C, small LPT model
[    2.976119] UBIFS (ubi0:1): full atime support is enabled.
[    3.030937] mount_root: overlay filesystem has not been fully initialized yet
[    3.041772] mount_root: switching to ubifs overlay
[    3.440848] init: Exec to real procd now
[    3.458714] procd: Change state 0 -> 1
[    3.463040] procd: - early -
[    3.508402] procd: Finished udevtrigger
[    3.515973] procd: Launched hotplug exec instance, pid=90
[    3.634849] procd: Finished hotplug exec instance, pid=90
[    3.640708] procd: Launched hotplug exec instance, pid=104
[    3.748607] procd: Finished hotplug exec instance, pid=104
[    3.754604] procd: Launched hotplug exec instance, pid=118
[    3.862710] procd: Finished hotplug exec instance, pid=118
[    4.032497] procd: Coldplug complete
[    4.035174] procd: Change state 1 -> 2
[    4.040024] procd: - ubus -
[    4.042956] procd: Create service ubus
[    4.049690] procd: Start instance ubus::instance1
[    4.054438] procd: Started instance ubus::instance1[132]
[    4.080427] procd: running /etc/init.d/ubus running
[    4.084856] procd: glob failed on /etc/init.d/ubus
[    4.095896] procd: Connection to ubus failed
[    4.111150] random: ubusd: uninitialized urandom read (4 bytes read)
[    4.219644] random: ubusd: uninitialized urandom read (4 bytes read)
[    4.226292] random: ubusd: uninitialized urandom read (4 bytes read)
[    4.235598] procd: Connected to ubus, id=0fa6c1e2
[    4.240669] procd: Change state 2 -> 3
[    4.244292] procd: - init -
[    4.249384] procd: Parsing inittab - ::sysinit:/etc/init.d/rcS S boot
[    4.255581] procd: Parsing inittab - ::shutdown:/etc/init.d/rcS K shutdown
[    4.265518] procd: Parsing inittab - ttyP0::respawn:/bin/ash --login
[    4.276239] procd: Launched new respawn action, pid=133
[    4.286089] procd: running /etc/rc.d/S* boot
[    4.553559] kmodloader: before scan module folder
[    4.558979] kmodloader: 455
[    4.562410] kmodloader: 104 new module folder /lib/modules/4.9.198/
[    4.568643] kmodloader: 460
[    4.571681] kmodloader: 462 module folder àÓ
[    4.584535] kmodloader: before scan loaded modules
[    4.589336] kmodloader: loading kernel modules from /etc/modules.d/*
[    4.600909] calling  init_module+0x0/0x1b8 [icatchtek_security] @ 158
[    4.600916] --- icatchtek_security_init ---
[    4.610816] initcall init_module+0x0/0x1b8 [icatchtek_security] returned 0 after 9641 usecs
[    4.614722] calling  init_module+0x0/0x94 [libphy] @ 158
[    4.615434] initcall init_module+0x0/0x94 [libphy] returned 0 after 660 usecs
[    4.625447] calling  init_module+0x0/0x2ac [usbcore] @ 158
[    4.625929] usbcore: registered new interface driver usbfs
[    4.633378] usbcore: registered new interface driver hub
[    4.638217] usbcore: registered new device driver usb
[    4.644353] initcall init_module+0x0/0x2ac [usbcore] returned 0 after 18363 usecs
[    4.647330] calling  init_module+0x0/0x4c [nls_cp437] @ 158
[    4.647348] initcall init_module+0x0/0x4c [nls_cp437] returned 0 after 0 usecs
[    4.648724] calling  init_module+0x0/0x4c [nls_iso8859_1] @ 158
[    4.648741] initcall init_module+0x0/0x4c [nls_iso8859_1] returned 0 after 1 usecs
[    4.649844] calling  init_module+0x0/0x84 [nls_utf8] @ 158
[    4.649861] initcall init_module+0x0/0x84 [nls_utf8] returned 0 after 2 usecs
[    4.653004] calling  init_module+0x0/0xbc [fat] @ 158
[    4.653588] initcall init_module+0x0/0xbc [fat] returned 0 after 530 usecs
[    4.655427] calling  init_module+0x0/0x44 [vfat] @ 158
[    4.655453] initcall init_module+0x0/0x44 [vfat] returned 0 after 8 usecs
[    4.658122] calling  init_module+0x0/0x58 [icatchtek_eth] @ 158
[    4.658255] icatchtek-gmac gmac: could not find pctldev for node /pinctrl/gmac/gmac-phy-power, deferring probe
[    4.670183] initcall init_module+0x0/0x58 [icatchtek_eth] returned 0 after 11729 usecs
[    4.671523] calling  init_module+0x0/0x50 [icplus] @ 158
[    4.671989] initcall init_module+0x0/0x50 [icplus] returned 0 after 433 usecs
[    4.674394] calling  init_module+0x0/0x138 [ehci_hcd] @ 158
[    4.674403] ehci_hcd: USB 2.0 'Enhanced' Host Controller (EHCI) Driver
[    4.681914] ---iCatchTek EHCI Init ---
[    4.688899] icatchtek-ehci icatchtek-ehci.0: iCatchTek EHCI
[    4.696585] icatchtek-ehci icatchtek-ehci.0: new USB bus registered, assigned bus number 1
[    4.705131] icatchtek-ehci icatchtek-ehci.0: irq 131, io mem 0xf0005a00
[    4.720848] icatchtek-ehci icatchtek-ehci.0: USB 0.0 started, EHCI 1.10
[    4.727453] usb usb1: New USB device found, idVendor=1d6b, idProduct=0002
[    4.737227] usb usb1: New USB device strings: Mfr=3, Product=2, SerialNumber=1
[    4.744154] usb usb1: Product: iCatchTek EHCI
[    4.751596] usb usb1: Manufacturer: Linux 4.9.198 ehci_hcd
[    4.756443] usb usb1: SerialNumber: icatchtek-ehci
[    4.767053] hub 1-0:1.0: USB hub found
[    4.773873] hub 1-0:1.0: 1 port detected
[    4.781246] icatchtek-gmac gmac: could not find pctldev for node /pinctrl/gmac/gmac-phy-power, deferring probe
[    4.792485] initcall init_module+0x0/0x138 [ehci_hcd] returned 0 after 115273 usecs
[    4.806918] icatchtek-gmac gmac: could not find pctldev for node /pinctrl/gmac/gmac-phy-power, deferring probe
[    4.819430] calling  init_module+0x0/0x148 [scsi_mod] @ 158
[    4.820318] SCSI subsystem initialized
[    4.823137] initcall init_module+0x0/0x148 [scsi_mod] returned 0 after 3551 usecs
[    4.832226] calling  init_module+0x0/0x280 [sd_mod] @ 158
[    4.835091] initcall init_module+0x0/0x280 [sd_mod] returned 0 after 2747 usecs
[    4.837005] calling  init_module+0x0/0xac [ehci_platform] @ 158
[    4.837014] ehci-platform: EHCI generic platform driver
[    4.847365] initcall init_module+0x0/0xac [ehci_platform] returned 0 after 10069 usecs
[    4.848913] cryptodev: loading out-of-tree module taints kernel.
[    4.867354] calling  init_module+0x0/0x10c [cryptodev] @ 158
[    4.871517] cryptodev: driver 1.9 loaded.
[    4.874626] initcall init_module+0x0/0x10c [cryptodev] returned 0 after 7060 usecs
[    4.887799] calling  init_module+0x0/0x2d8 [fuse] @ 158
[    4.887851] fuse init (API version 7.26)
[    4.901823] initcall init_module+0x0/0x2d8 [fuse] returned 0 after 13570 usecs
[    4.913621] calling  init_module+0x0/0xac [mmc_core] @ 158
[    4.914345] initcall init_module+0x0/0xac [mmc_core] returned 0 after 646 usecs
[    4.916101] calling  init_module+0x0/0x64 [icatchtek_sdio] @ 158
[    4.916108] [SDIO][INFO]---iCatchTek SDIO init---
[    4.929407] [SDIO][INFO]5SDIO Power Pin 12
[    5.010671] CMD52: timeout err:0x83540001
[    5.015251] initcall init_module+0x0/0x64 [icatchtek_sdio] returned 0 after 96783 usecs
[    5.019836] CMD52: timeout err:0x83540001
[    5.027484] icatchtek-gmac gmac: could not find pctldev for node /pinctrl/gmac/gmac-phy-power, deferring probe
[    5.040314] calling  init_module+0x0/0x198 [cfg80211] @ 158
[    5.041305] initcall init_module+0x0/0x198 [cfg80211] returned 0 after 893 usecs
[    5.044917] [SDIO][WARN][sdio_byte_transfer:404]4Unknown cmd:8
[    5.064395] mmc0: new high speed SDIO card at address 0001
[    5.163890] calling  init_module+0x0/0xd0 [8723bs] @ 158
[    5.191032] icatchtek-gmac gmac: could not find pctldev for node /pinctrl/gmac/gmac-phy-power, deferring probe
[    5.204310] initcall init_module+0x0/0xd0 [8723bs] returned 0 after 38772 usecs
[    5.207027] calling  init_module+0x0/0x4c [icatchtek_pwm] @ 158
[    5.207608] initcall init_module+0x0/0x4c [icatchtek_pwm] returned 0 after 543 usecs
[    5.216882] calling  init_module+0x0/0x100 [mmc_block] @ 158
[    5.217125] initcall init_module+0x0/0x100 [mmc_block] returned 0 after 209 usecs
[    5.225241] icatchtek-gmac gmac: could not find pctldev for node /pinctrl/gmac/gmac-phy-power, deferring probe
[    5.239860] calling  init_module+0x0/0x70 [usb_storage] @ 158
[    5.240265] usbcore: registered new interface driver usb-storage
[    5.247264] initcall init_module+0x0/0x70 [usb_storage] returned 0 after 7175 usecs
[    5.251224] kmodloader: done loading kernel modules from /etc/modules.d/*
[   11.837114] random: fast init done
[   74.391212] random: crng init done
[   74.393530] random: 4 urandom warning(s) missed due to ratelimiting
[  306.694874] usb 1-1: new high-speed USB device number 2 using icatchtek-ehci
[  307.012235] usb 1-1: New USB device found, idVendor=0951, idProduct=1666
[  307.020538] usb 1-1: New USB device strings: Mfr=1, Product=2, SerialNumber=3
[  307.027362] usb 1-1: Product: DataTraveler 3.0
[  307.034256] usb 1-1: Manufacturer: Kingston
[  307.037837] usb 1-1: SerialNumber: 00045F057BE8EF516961A17E
[  307.050318] usb-storage 1-1:1.0: USB Mass Storage device detected
[  307.068850] scsi host0: usb-storage 1-1:1.0
[  307.073910] icatchtek-gmac gmac: could not find pctldev for node /pinctrl/gmac/gmac-phy-power, deferring probe
[  308.210150] scsi 0:0:0:0: Direct-Access     Kingston DataTraveler 3.0 PMAP PQ: 0 ANSI: 6
[  308.222346] icatchtek-gmac gmac: could not find pctldev for node /pinctrl/gmac/gmac-phy-power, deferring probe
[  310.403054] sd 0:0:0:0: [sda] 61457664 512-byte logical blocks: (31.5 GB/29.3 GiB)
[  310.412297] sd 0:0:0:0: [sda] Write Protect is off
[  310.416303] sd 0:0:0:0: [sda] Mode Sense: 23 00 00 00
[  310.419427] sd 0:0:0:0: [sda] No Caching mode page found
[  310.424087] sd 0:0:0:0: [sda] Assuming drive cache: write through
[  310.467625]  sda: sda1
[  310.478675] sd 0:0:0:0: [sda] Attached SCSI removable disk
[  311.102417] FAT-fs (sda1): Volume was not properly unmounted. Some data may be corrupt. Please run fsck.
